F:/download/k230resource/git/yuntai/code_for_stm32/Core/Src/main.c:83:13:send_ctl	40	static
F:/download/k230resource/git/yuntai/code_for_stm32/Core/Src/main.c:101:6:HAL_UART_RxCpltCallback	32	static
F:/download/k230resource/git/yuntai/code_for_stm32/Core/Src/main.c:137:6:HAL_TIM_PeriodElapsedCallback	64	static
F:/download/k230resource/git/yuntai/code_for_stm32/Core/Src/main.c:165:5:main	40	static,ignoring_inline_asm
F:/download/k230resource/git/yuntai/code_for_stm32/Core/Src/main.c:221:6:SystemClock_Config	72	static
F:/download/k230resource/git/yuntai/code_for_stm32/Core/Src/main.c:261:13:MX_TIM1_Init	32	static
F:/download/k230resource/git/yuntai/code_for_stm32/Core/Src/main.c:307:13:MX_TIM2_Init	32	static
F:/download/k230resource/git/yuntai/code_for_stm32/Core/Src/main.c:352:13:MX_USART1_UART_Init	8	static
F:/download/k230resource/git/yuntai/code_for_stm32/Core/Src/main.c:385:13:MX_USART2_UART_Init	8	static
F:/download/k230resource/git/yuntai/code_for_stm32/Core/Src/main.c:418:13:MX_USART3_UART_Init	8	static
F:/download/k230resource/git/yuntai/code_for_stm32/Core/Src/main.c:451:13:MX_GPIO_Init	40	static
F:/download/k230resource/git/yuntai/code_for_stm32/Core/Src/main.c:487:6:Error_Handler	4	static,ignoring_inline_asm
